
­ƒìè === SISTEMA DE TRACKING DIRECTO (IPDI G10) === ­ƒìè
ÔûÂ´©Å  Entrada: vid_prueba.mp4
­ƒºá Modelo:  v11nbestleom.pt
­ƒÆ¥ Salida:  D:\Universidad\Clases_2025\PDI\Trabajo Final\Tp_Final\Videos_de_prueba\resultado_vid_prueba.mp4
----------------------------------------

­ƒìè === SISTEMA DE TRACKING (SUPERVISION) ===
­ƒôé Modelo: v11nbestleom.pt
.\Yolov8n\Scripts\python.exe 
: 
En línea: 1 Carácter: 1
+ 
.\Yolov8n\Scripts\python.exe 
main_tracking.py 2>&1 | 
Out-File -Encodi ...
+ ~~~~~~~~~~~~~~~~~~~~~~~~~~~
~~~~~~~~~~~~~~~~~~~~~~~
    + CategoryInfo           
   : NotSpecified: (:String  
  ) [], RemoteException
    + FullyQualifiedErrorId  
   : NativeCommandError
 
­ƒÄ×´©Å Video: vid_prueba.mp4
­ƒÆ¥ Salida: D:\Universidad\Clases_2025\PDI\Trabajo Final\Tp_Final\Videos_de_prueba\resultado_vid_prueba.mp4
----------------------------------------
ÔÅ│ Cargando modelo...
ÔÜá´©Å Alerta de carga: local variable 'torch' referenced before assignment. Intentando carga con weights_only=False...
Ô£à Modelo cargado con weights_only=False
Ôä╣´©Å Detectado modelo YOLOv11 - usando tracking nativo de YOLO
Ôä╣´©Å Video Info: 898x506 @ 24 FPS, 290 frames
­ƒÜÇ Iniciando procesamiento...
  0%|          | 0/290 
[00:00<?, ?frames/s]
  0%|          | 0/290 
[00:00<?, ?frames/s]
Traceback (most recent call 
last):
  File "D:\Universidad\Clases
_2025\PDI\Trabajo Final\Tp_Fi
nal\main_tracking.py", line 
76, in main
    process_video_tracking(
  File "D:\Universidad\Clases
_2025\PDI\Trabajo Final\Tp_Fi
nal\track_video.py", line 
55, in process_video_tracking
    _process_with_native_yolo
(model, input_video_path, 
output_video_path, 
tracker_type, show_live)
  File "D:\Universidad\Clases
_2025\PDI\Trabajo Final\Tp_Fi
nal\track_video.py", line 
98, in 
_process_with_native_yolo
    for frame_idx, result in 
enumerate(tqdm(results_genera
tor, total=total_frames, 
unit="frames")):
  File "D:\Universidad\Clases
_2025\PDI\Trabajo Final\Tp_Fi
nal\Yolov8n\lib\site-packages
\tqdm\std.py", line 1182, in 
__iter__
    for obj in iterable:
  File "D:\Universidad\Clases
_2025\PDI\Trabajo Final\Tp_Fi
nal\Yolov8n\lib\site-packages
\torch\utils\_contextlib.py",
 line 38, in 
generator_context
    response = gen.send(None)
  File "D:\Universidad\Clases
_2025\PDI\Trabajo Final\Tp_Fi
nal\Yolov8n\lib\site-packages
\ultralytics\engine\predictor
.py", line 337, in 
stream_inference
    self.run_callbacks("on_pr
edict_postprocess_end")
  File "D:\Universidad\Clases
_2025\PDI\Trabajo Final\Tp_Fi
nal\Yolov8n\lib\site-packages
\ultralytics\engine\predictor
.py", line 503, in 
run_callbacks
    callback(self)
  File "D:\Universidad\Clases
_2025\PDI\Trabajo Final\Tp_Fi
nal\Yolov8n\lib\site-packages
\ultralytics\trackers\track.p
y", line 93, in 
on_predict_postprocess_end
    tracks = 
tracker.update(det, 
result.orig_img, 
getattr(result, "feats", 
None))
  File "D:\Universidad\Clases
_2025\PDI\Trabajo Final\Tp_Fi
nal\Yolov8n\lib\site-packages
\ultralytics\trackers\byte_tr
acker.py", line 326, in 
update
    dists = 
self.get_dists(strack_pool, 
detections)
  File "D:\Universidad\Clases
_2025\PDI\Trabajo Final\Tp_Fi
nal\Yolov8n\lib\site-packages
\ultralytics\trackers\bot_sor
t.py", line 215, in get_dists
    if self.args.fuse_score:
  File "D:\Universidad\Clases
_2025\PDI\Trabajo Final\Tp_Fi
nal\Yolov8n\lib\site-packages
\ultralytics\utils\__init__.p
y", line 317, in __getattr__
    raise AttributeError(
AttributeError: 
            
'IterableSimpleNamespace' 
object has no attribute 
'fuse_score'. This may be 
caused by a modified or out 
of date ultralytics
            'default.yaml' 
file.
Please update your code with 
'pip install -U ultralytics' 
and if necessary replace
            D:\Universidad\Cl
ases_2025\PDI\Trabajo Final\T
p_Final\Yolov8n\Lib\site-pack
ages\ultralytics\cfg\default.
yaml with the latest version 
from
            https://github.co
m/ultralytics/ultralytics/blo
b/main/ultralytics/cfg/defaul
t.yaml
            

ÔØî Ocurri├│ un error inesperado: 
            'IterableSimpleNamespace' object has no attribute 'fuse_score'. This may be caused by a modified or out of date ultralytics
            'default.yaml' file.
Please update your code with 'pip install -U ultralytics' and if necessary replace
            D:\Universidad\Clases_2025\PDI\Trabajo Final\Tp_Final\Yolov8n\Lib\site-packages\ultralytics\cfg\default.yaml with the latest version from
            https://github.com/ultralytics/ultralytics/blob/main/ultralytics/cfg/default.yaml
            
